// Jest Snapshot v1, https://goo.gl/fbAQLP

exports[`Header renders properly  1`] = `
<View
  pointerEvents="box-none"
  style={
    Object {
      "flex": 1,
    }
  }
>
  <View
    collapsable={true}
    pointerEvents="box-none"
    style={
      Object {
        "flex": 1,
      }
    }
  >
    <View>
      <SafeAreaView
        style={
          Object {
            "backgroundColor": "rgba(0,0,0,0.5)",
          }
        }
      >
        <View
          noLeft={true}
          style={
            Array [
              Object {
                "backgroundColor": "transparent",
                "borderBottomColor": "transparent",
                "borderBottomWidth": 0.5,
                "elevation": 0,
                "flexDirection": "row",
                "height": 64,
                "justifyContent": "center",
                "left": 0,
                "paddingLeft": 6,
                "paddingRight": 10,
                "paddingTop": 18,
                "right": 0,
                "shadowColor": null,
                "shadowOffset": null,
                "shadowOpacity": null,
                "shadowRadius": null,
                "top": 0,
              },
              Object {
                "backgroundColor": "rgba(0,0,0,0.5)",
                "width": "100%",
              },
            ]
          }
          testID="header"
          transparent={true}
        >
          <View
            style={
              Object {
                "alignItems": "center",
                "alignSelf": "center",
                "flex": 1,
              }
            }
          >
            <SvgMock
              height={38}
              testID="banner"
              width={149}
            />
          </View>
        </View>
      </SafeAreaView>
    </View>
  </View>
</View>
`;
